14 actionable tasks: 1 executed, 13 up-to-date
